answe@DESKTOP-1KTQ3M6 MINGW64 ~/Desktop (master)
$ mkdir basic_repo

answe@DESKTOP-1KTQ3M6 MINGW64 ~/Desktop (master)
$ cd basic_repo

answe@DESKTOP-1KTQ3M6 MINGW64 ~/Desktop/basic_repo (master)
$ git init
Initialized empty Git repository in C:/Users/answe/Desktop/basic_repo/.git/

answe@DESKTOP-1KTQ3M6 MINGW64 ~/Desktop/basic_repo (master)
$ touch index.html style.css

answe@DESKTOP-1KTQ3M6 MINGW64 ~/Desktop/basic_repo (master)
$ git add .

answe@DESKTOP-1KTQ3M6 MINGW64 ~/Desktop/basic_repo (master)
$ git commit -m "initial commit"
[master (root-commit) c89f8b7] initial commit
 2 files changed, 12 insertions(+)
 create mode 100644 index.html
 create mode 100644 style.css

answe@DESKTOP-1KTQ3M6 MINGW64 ~/Desktop/basic_repo (master)
$ git remote add origin https://github.com/peachteaboba/basic_repo.git

answe@DESKTOP-1KTQ3M6 MINGW64 ~/Desktop/basic_repo (master)
$ git push -u origin master
remote: Invalid username or password.
fatal: Authentication failed for 'https://github.com/peachteaboba/basic_repo.git/'

answe@DESKTOP-1KTQ3M6 MINGW64 ~/Desktop/basic_repo (master)
$ git push -u origin master
Counting objects: 4, done.
Delta compression using up to 8 threads.
Compressing objects: 100% (3/3), done.
Writing objects: 100% (4/4), 349 bytes | 0 bytes/s, done.
Total 4 (delta 0), reused 0 (delta 0)
To https://github.com/peachteaboba/basic_repo.git
 * [new branch]      master -> master
Branch master set up to track remote branch master from origin.

answe@DESKTOP-1KTQ3M6 MINGW64 ~/Desktop/basic_repo (master)
$ git add.
git: 'add.' is not a git command. See 'git --help'.

Did you mean this?
        add

answe@DESKTOP-1KTQ3M6 MINGW64 ~/Desktop/basic_repo (master)
$ git add .

answe@DESKTOP-1KTQ3M6 MINGW64 ~/Desktop/basic_repo (master)
$ git status
On branch master
Your branch is up-to-date with 'origin/master'.
Changes to be committed:
  (use "git reset HEAD <file>..." to unstage)

        modified:   index.html


answe@DESKTOP-1KTQ3M6 MINGW64 ~/Desktop/basic_repo (master)
$ git commit -m "added paragraph to html"
[master 3d7aa52] added paragraph to html
 1 file changed, 1 insertion(+)

answe@DESKTOP-1KTQ3M6 MINGW64 ~/Desktop/basic_repo (master)
$ git push -u origin master
Counting objects: 3, done.
Delta compression using up to 8 threads.
Compressing objects: 100% (3/3), done.
Writing objects: 100% (3/3), 381 bytes | 0 bytes/s, done.
Total 3 (delta 0), reused 0 (delta 0)
To https://github.com/peachteaboba/basic_repo.git
   c89f8b7..3d7aa52  master -> master
Branch master set up to track remote branch master from origin.

answe@DESKTOP-1KTQ3M6 MINGW64 ~/Desktop/basic_repo (master)
$ touch steps.txt

answe@DESKTOP-1KTQ3M6 MINGW64 ~/Desktop/basic_repo (master)
$
